Archive member included to satisfy reference by file (symbol)

/usr/lib/gcc/arm-none-eabi/7.3.1/../../../arm-none-eabi/lib/thumb/v7e-m/fpv5/hard/libc.a(lib_a-assert.o)
                              /home/taste/workspace/adac-hybrid-arm/build/test/adainterop/fpu.o (__assert_func)
/usr/lib/gcc/arm-none-eabi/7.3.1/../../../arm-none-eabi/lib/thumb/v7e-m/fpv5/hard/libc.a(lib_a-atexit.o)
                              /usr/lib/gcc/arm-none-eabi/7.3.1/../../../arm-none-eabi/lib/thumb/v7e-m/fpv5/hard/crt0.o (atexit)
/usr/lib/gcc/arm-none-eabi/7.3.1/../../../arm-none-eabi/lib/thumb/v7e-m/fpv5/hard/libc.a(lib_a-exit.o)
                              /usr/lib/gcc/arm-none-eabi/7.3.1/../../../arm-none-eabi/lib/thumb/v7e-m/fpv5/hard/crt0.o (exit)
/usr/lib/gcc/arm-none-eabi/7.3.1/../../../arm-none-eabi/lib/thumb/v7e-m/fpv5/hard/libc.a(lib_a-fini.o)
                              /usr/lib/gcc/arm-none-eabi/7.3.1/../../../arm-none-eabi/lib/thumb/v7e-m/fpv5/hard/crt0.o (__libc_fini_array)
/usr/lib/gcc/arm-none-eabi/7.3.1/../../../arm-none-eabi/lib/thumb/v7e-m/fpv5/hard/libc.a(lib_a-fiprintf.o)
                              /usr/lib/gcc/arm-none-eabi/7.3.1/../../../arm-none-eabi/lib/thumb/v7e-m/fpv5/hard/libc.a(lib_a-assert.o) (fiprintf)
/usr/lib/gcc/arm-none-eabi/7.3.1/../../../arm-none-eabi/lib/thumb/v7e-m/fpv5/hard/libc.a(lib_a-impure.o)
                              /usr/lib/gcc/arm-none-eabi/7.3.1/../../../arm-none-eabi/lib/thumb/v7e-m/fpv5/hard/libc.a(lib_a-exit.o) (_global_impure_ptr)
/usr/lib/gcc/arm-none-eabi/7.3.1/../../../arm-none-eabi/lib/thumb/v7e-m/fpv5/hard/libc.a(lib_a-init.o)
                              /usr/lib/gcc/arm-none-eabi/7.3.1/../../../arm-none-eabi/lib/thumb/v7e-m/fpv5/hard/crt0.o (__libc_init_array)
/usr/lib/gcc/arm-none-eabi/7.3.1/../../../arm-none-eabi/lib/thumb/v7e-m/fpv5/hard/libc.a(lib_a-memset.o)
                              /usr/lib/gcc/arm-none-eabi/7.3.1/../../../arm-none-eabi/lib/thumb/v7e-m/fpv5/hard/crt0.o (memset)
/usr/lib/gcc/arm-none-eabi/7.3.1/../../../arm-none-eabi/lib/thumb/v7e-m/fpv5/hard/libc.a(lib_a-vfiprintf.o)
                              /usr/lib/gcc/arm-none-eabi/7.3.1/../../../arm-none-eabi/lib/thumb/v7e-m/fpv5/hard/libc.a(lib_a-fiprintf.o) (_vfiprintf_r)
/usr/lib/gcc/arm-none-eabi/7.3.1/../../../arm-none-eabi/lib/thumb/v7e-m/fpv5/hard/libc.a(lib_a-wsetup.o)
                              /usr/lib/gcc/arm-none-eabi/7.3.1/../../../arm-none-eabi/lib/thumb/v7e-m/fpv5/hard/libc.a(lib_a-vfiprintf.o) (__swsetup_r)
/usr/lib/gcc/arm-none-eabi/7.3.1/../../../arm-none-eabi/lib/thumb/v7e-m/fpv5/hard/libc.a(lib_a-__atexit.o)
                              /usr/lib/gcc/arm-none-eabi/7.3.1/../../../arm-none-eabi/lib/thumb/v7e-m/fpv5/hard/libc.a(lib_a-atexit.o) (__register_exitproc)
/usr/lib/gcc/arm-none-eabi/7.3.1/../../../arm-none-eabi/lib/thumb/v7e-m/fpv5/hard/libc.a(lib_a-__call_atexit.o)
                              /usr/lib/gcc/arm-none-eabi/7.3.1/../../../arm-none-eabi/lib/thumb/v7e-m/fpv5/hard/libc.a(lib_a-exit.o) (__call_exitprocs)
/usr/lib/gcc/arm-none-eabi/7.3.1/../../../arm-none-eabi/lib/thumb/v7e-m/fpv5/hard/libc.a(lib_a-abort.o)
                              /usr/lib/gcc/arm-none-eabi/7.3.1/../../../arm-none-eabi/lib/thumb/v7e-m/fpv5/hard/libc.a(lib_a-assert.o) (abort)
/usr/lib/gcc/arm-none-eabi/7.3.1/../../../arm-none-eabi/lib/thumb/v7e-m/fpv5/hard/libc.a(lib_a-fflush.o)
                              /usr/lib/gcc/arm-none-eabi/7.3.1/../../../arm-none-eabi/lib/thumb/v7e-m/fpv5/hard/libc.a(lib_a-vfiprintf.o) (_fflush_r)
/usr/lib/gcc/arm-none-eabi/7.3.1/../../../arm-none-eabi/lib/thumb/v7e-m/fpv5/hard/libc.a(lib_a-findfp.o)
                              /usr/lib/gcc/arm-none-eabi/7.3.1/../../../arm-none-eabi/lib/thumb/v7e-m/fpv5/hard/libc.a(lib_a-vfiprintf.o) (__sinit)
/usr/lib/gcc/arm-none-eabi/7.3.1/../../../arm-none-eabi/lib/thumb/v7e-m/fpv5/hard/libc.a(lib_a-fputwc.o)
                              /usr/lib/gcc/arm-none-eabi/7.3.1/../../../arm-none-eabi/lib/thumb/v7e-m/fpv5/hard/libc.a(lib_a-vfiprintf.o) (_fputwc_r)
/usr/lib/gcc/arm-none-eabi/7.3.1/../../../arm-none-eabi/lib/thumb/v7e-m/fpv5/hard/libc.a(lib_a-freer.o)
                              /usr/lib/gcc/arm-none-eabi/7.3.1/../../../arm-none-eabi/lib/thumb/v7e-m/fpv5/hard/libc.a(lib_a-wsetup.o) (_free_r)
/usr/lib/gcc/arm-none-eabi/7.3.1/../../../arm-none-eabi/lib/thumb/v7e-m/fpv5/hard/libc.a(lib_a-fvwrite.o)
                              /usr/lib/gcc/arm-none-eabi/7.3.1/../../../arm-none-eabi/lib/thumb/v7e-m/fpv5/hard/libc.a(lib_a-vfiprintf.o) (__sfvwrite_r)
/usr/lib/gcc/arm-none-eabi/7.3.1/../../../arm-none-eabi/lib/thumb/v7e-m/fpv5/hard/libc.a(lib_a-fwalk.o)
                              /usr/lib/gcc/arm-none-eabi/7.3.1/../../../arm-none-eabi/lib/thumb/v7e-m/fpv5/hard/libc.a(lib_a-findfp.o) (_fwalk)
/usr/lib/gcc/arm-none-eabi/7.3.1/../../../arm-none-eabi/lib/thumb/v7e-m/fpv5/hard/libc.a(lib_a-locale.o)
[...]
Memory Configuration

Name             Origin             Length             Attributes
rom              0x0000000008000000 0x0000000000100000 xr
ram              0x0000000020000000 0x0000000000020000 xrw
*default*        0x0000000000000000 0xffffffffffffffff

Linker script and memory map

LOAD /usr/lib/gcc/arm-none-eabi/7.3.1/thumb/v7e-m/fpv5/hard/crti.o
LOAD /usr/lib/gcc/arm-none-eabi/7.3.1/thumb/v7e-m/fpv5/hard/crtbegin.o
LOAD /usr/lib/gcc/arm-none-eabi/7.3.1/../../../arm-none-eabi/lib/thumb/v7e-m/fpv5/hard/crt0.o
LOAD /tmp/ccjxY9Nv.o
LOAD /home/taste/workspace/adac-hybrid-arm/build/test/adainterop/adamodule.o
LOAD /home/taste/workspace/adac-hybrid-arm/build/test/adainterop/utils.o
LOAD /home/taste/workspace/adac-hybrid-arm/build/test/adainterop/reporting.o
LOAD /home/taste/workspace/adac-hybrid-arm/build/test/adainterop/startup.o
LOAD /home/taste/workspace/adac-hybrid-arm/build/test/adainterop/fpu.o
LOAD /usr/lib/gcc/arm-none-eabi/7.3.1/../../../arm-none-eabi/lib/thumb/v7e-m/fpv5/hard/libc.a
LOAD /home/taste/workspace/adac-hybrid-arm/src/gnat-runtime/build/libgnatcm7.a
START GROUP
LOAD /usr/lib/gcc/arm-none-eabi/7.3.1/thumb/v7e-m/fpv5/hard/libgcc.a
LOAD /usr/lib/gcc/arm-none-eabi/7.3.1/../../../arm-none-eabi/lib/thumb/v7e-m/fpv5/hard/libg.a
LOAD /usr/lib/gcc/arm-none-eabi/7.3.1/../../../arm-none-eabi/lib/thumb/v7e-m/fpv5/hard/libc.a
END GROUP
START GROUP
LOAD /usr/lib/gcc/arm-none-eabi/7.3.1/thumb/v7e-m/fpv5/hard/libgcc.a
LOAD /usr/lib/gcc/arm-none-eabi/7.3.1/../../../arm-none-eabi/lib/thumb/v7e-m/fpv5/hard/libc.a
LOAD /usr/lib/gcc/arm-none-eabi/7.3.1/../../../arm-none-eabi/lib/thumb/v7e-m/fpv5/hard/libnosys.a
END GROUP
LOAD /usr/lib/gcc/arm-none-eabi/7.3.1/thumb/v7e-m/fpv5/hard/crtend.o
LOAD /usr/lib/gcc/arm-none-eabi/7.3.1/thumb/v7e-m/fpv5/hard/crtn.o
                0x0000000000004000                STACK_SIZE = DEFINED (STACK_SIZE)?STACK_SIZE:DEFINED (__stack_size__)?__stack_size__:0x4000
                0x0000000000002000                HEAP_SIZE = DEFINED (HEAP_SIZE)?HEAP_SIZE:DEFINED (__heap_size__)?__heap_size__:0x2000

.text           0x0000000008000000      0x814
                0x0000000008000000                . = ALIGN (0x4)
                0x0000000008000000                _sfixed = .
 *(.vectors .vectors.*)
 .vectors       0x0000000008000000       0x40 /home/taste/workspace/adac-hybrid-arm/build/test/adainterop/startup.o
                0x0000000008000000                exception_table
 *(.text .text.* .gnu.linkonce.t.*)
 .text          0x0000000008000040       0x88 /usr/lib/gcc/arm-none-eabi/7.3.1/thumb/v7e-m/fpv5/hard/crtbegin.o
 .text.test_addInt32
                0x00000000080000c8       0x32 /tmp/ccjxY9Nv.o
 .text.test_addInt16
                0x00000000080000fa       0x42 /tmp/ccjxY9Nv.o
 .text.test_addFloat
                0x000000000800013c       0x50 /tmp/ccjxY9Nv.o
 .text.test_addInt16AndFloat
                0x000000000800018c       0x60 /tmp/ccjxY9Nv.o
 .text.test_addMany
                0x00000000080001ec       0x4e /tmp/ccjxY9Nv.o
 .text.runTests
                0x000000000800023a       0x9c /tmp/ccjxY9Nv.o
                0x000000000800023a                runTests
 .text.main     0x00000000080002d6        0xa /tmp/ccjxY9Nv.o
                0x00000000080002d6                main
 .text.addInt32
                0x00000000080002e0       0x38 /home/taste/workspace/adac-hybrid-arm/build/test/adainterop/adamodule.o
                0x00000000080002e0                addInt32
 .text.addInt16
                0x0000000008000318       0x40 /home/taste/workspace/adac-hybrid-arm/build/test/adainterop/adamodule.o
                0x0000000008000318                addInt16
 .text.addFloat
                0x0000000008000358       0x2c /home/taste/workspace/adac-hybrid-arm/build/test/adainterop/adamodule.o
                0x0000000008000358                addFloat
 .text.addMany  0x0000000008000384       0x74 /home/taste/workspace/adac-hybrid-arm/build/test/adainterop/adamodule.o
                0x0000000008000384                addMany
 .text.reporting__init
                0x00000000080003f8       0x10 /home/taste/workspace/adac-hybrid-arm/build/test/adainterop/reporting.o
                0x00000000080003f8                reporting__init
 .text.reporting__reporterror
                0x0000000008000408       0x14 /home/taste/workspace/adac-hybrid-arm/build/test/adainterop/reporting.o
                0x0000000008000408                reporting__reporterror
 .text.reporting__reportsuccess
                0x000000000800041c       0x10 /home/taste/workspace/adac-hybrid-arm/build/test/adainterop/reporting.o
                0x000000000800041c                reporting__reportsuccess
 .text.execute_init_array
                0x000000000800042c       0x74 /home/taste/workspace/adac-hybrid-arm/build/test/adainterop/startup.o
 .text.Reset_Handler
                0x00000000080004a0       0x6c /home/taste/workspace/adac-hybrid-arm/build/test/adainterop/startup.o
                0x00000000080004a0                Reset_Handler
 .text.Dummy_Handler
                0x000000000800050c        0x6 /home/taste/workspace/adac-hybrid-arm/build/test/adainterop/startup.o
                0x000000000800050c                DebugMon_Handler
                0x000000000800050c                HardFault_Handler
                0x000000000800050c                SysTick_Handler
                0x000000000800050c                PendSV_Handler
                0x000000000800050c                NMI_Handler
                0x000000000800050c                UsageFault_Handler
                0x000000000800050c                Dummy_Handler
                0x000000000800050c                MemManage_Handler
                0x000000000800050c                SVC_Handler
                0x000000000800050c                BusFault_Handler
 .text.Fpu_startup
                0x0000000008000512       0xcc /home/taste/workspace/adac-hybrid-arm/build/test/adainterop/fpu.o
                0x0000000008000512                Fpu_startup
 *fill*         0x00000000080005de        0x2 
 .text.Fpu_init
                0x00000000080005e0       0x28 /home/taste/workspace/adac-hybrid-arm/build/test/adainterop/fpu.o
                0x00000000080005e0                Fpu_init
 .text          0x0000000008000608        0xc /usr/lib/gcc/arm-none-eabi/7.3.1/../../../arm-none-eabi/lib/thumb/v7e-m/fpv5/hard/libc.a(lib_a-atexit.o)
                0x0000000008000608                atexit
 .text          0x0000000008000614       0x34 /usr/lib/gcc/arm-none-eabi/7.3.1/../../../arm-none-eabi/lib/thumb/v7e-m/fpv5/hard/libc.a(lib_a-fini.o)
                0x0000000008000614                __libc_fini_array
 .text          0x0000000008000648       0x68 /usr/lib/gcc/arm-none-eabi/7.3.1/../../../arm-none-eabi/lib/thumb/v7e-m/fpv5/hard/libc.a(lib_a-__atexit.o)
                0x0000000008000648                __register_exitproc
 .text.startup  0x00000000080006b0       0x14 /usr/lib/gcc/arm-none-eabi/7.3.1/../../../arm-none-eabi/lib/thumb/v7e-m/fpv5/hard/libc.a(lib_a-__call_atexit.o)
 .text.ada__exceptions__last_chance_handler__put.0
                0x00000000080006c4       0x1c /home/taste/workspace/adac-hybrid-arm/src/gnat-runtime/build/libgnatcm7.a(a-elchha.o)
 .text.__gnat_last_chance_handler
                0x00000000080006e0       0x5c /home/taste/workspace/adac-hybrid-arm/src/gnat-runtime/build/libgnatcm7.a(a-elchha.o)
                0x00000000080006e0                __gnat_last_chance_handler
 .text.gnat__io__put__2
                0x000000000800073c        0x4 /home/taste/workspace/adac-hybrid-arm/src/gnat-runtime/build/libgnatcm7.a(g-io.o)
                0x000000000800073c                gnat__io__put__2
 .text.gnat__io__new_line
                0x0000000008000740        0x4 /home/taste/workspace/adac-hybrid-arm/src/gnat-runtime/build/libgnatcm7.a(g-io.o)
                0x0000000008000740                gnat__io__new_line
 .text.gnat__io__put
                0x0000000008000744        0x4 /home/taste/workspace/adac-hybrid-arm/src/gnat-runtime/build/libgnatcm7.a(g-io.o)
                0x0000000008000744                gnat__io__put
 .text.gnat__io__put__3
                0x0000000008000748        0x4 /home/taste/workspace/adac-hybrid-arm/src/gnat-runtime/build/libgnatcm7.a(g-io.o)
                0x0000000008000748                gnat__io__put__3
 .text.gnat__io__put_line
                0x000000000800074c        0x4 /home/taste/workspace/adac-hybrid-arm/src/gnat-runtime/build/libgnatcm7.a(g-io.o)
                0x000000000800074c                gnat__io__put_line
 .text.system__machine_reset__stop
                0x0000000008000750       0x18 /home/taste/workspace/adac-hybrid-arm/src/gnat-runtime/build/libgnatcm7.a(s-macres.o)
                0x0000000008000750                system__machine_reset__stop
 *(.glue_7t)
 .glue_7t       0x0000000008000768        0x0 linker stubs
 *(.glue_7)
 .glue_7        0x0000000008000768        0x0 linker stubs
 *(.rodata .rodata* .gnu.linkonce.r.*)
 .rodata        0x0000000008000768        0xe /home/taste/workspace/adac-hybrid-arm/build/test/adainterop/adamodule.o
 *fill*         0x0000000008000776        0x2 
 .rodata        0x0000000008000778        0x4 /usr/lib/gcc/arm-none-eabi/7.3.1/../../../arm-none-eabi/lib/thumb/v7e-m/fpv5/hard/libc.a(lib_a-impure.o)
                0x0000000008000778                _global_impure_ptr
 .rodata.__gnat_last_chance_handler.str1.1
                0x000000000800077c       0x59 /home/taste/workspace/adac-hybrid-arm/src/gnat-runtime/build/libgnatcm7.a(a-elchha.o)
 *fill*         0x00000000080007d5        0x3 
 .rodata        0x00000000080007d8       0x18 /home/taste/workspace/adac-hybrid-arm/src/gnat-runtime/build/libgnatcm7.a(a-elchha.o)
 *(.ARM.extab* .gnu.linkonce.armextab.*)
                0x00000000080007f0                . = ALIGN (0x4)
 *(.init)
 .init          0x00000000080007f0        0x4 /usr/lib/gcc/arm-none-eabi/7.3.1/thumb/v7e-m/fpv5/hard/crti.o
                0x00000000080007f0                _init
 .init          0x00000000080007f4        0x8 /usr/lib/gcc/arm-none-eabi/7.3.1/thumb/v7e-m/fpv5/hard/crtn.o
                0x00000000080007fc                . = ALIGN (0x4)
                0x00000000080007fc                __preinit_array_start = .
 *(.preinit_array)
                0x00000000080007fc                __preinit_array_end = .
                0x00000000080007fc                . = ALIGN (0x4)
                0x00000000080007fc                __init_array_start = .
 *(SORT_BY_NAME(.init_array.*))
 .init_array.00000
                0x00000000080007fc        0x4 /usr/lib/gcc/arm-none-eabi/7.3.1/../../../arm-none-eabi/lib/thumb/v7e-m/fpv5/hard/libc.a(lib_a-__call_atexit.o)
 *(.init_array)
 .init_array    0x0000000008000800        0x4 /usr/lib/gcc/arm-none-eabi/7.3.1/thumb/v7e-m/fpv5/hard/crtbegin.o
                0x0000000008000804                __init_array_end = .
                0x0000000008000804                . = ALIGN (0x4)
 *crtbegin.o(.ctors)
 *(EXCLUDE_FILE(*crtend.o) .ctors)
 *(SORT_BY_NAME(.ctors.*))
 *crtend.o(.ctors)
                0x0000000008000804                . = ALIGN (0x4)
 *(.fini)
 .fini          0x0000000008000804        0x4 /usr/lib/gcc/arm-none-eabi/7.3.1/thumb/v7e-m/fpv5/hard/crti.o
                0x0000000008000804                _fini
 .fini          0x0000000008000808        0x8 /usr/lib/gcc/arm-none-eabi/7.3.1/thumb/v7e-m/fpv5/hard/crtn.o
                0x0000000008000810                . = ALIGN (0x4)
                0x0000000008000810                __fini_array_start = .
 *(.fini_array)
 .fini_array    0x0000000008000810        0x4 /usr/lib/gcc/arm-none-eabi/7.3.1/thumb/v7e-m/fpv5/hard/crtbegin.o
 *(SORT_BY_NAME(.fini_array.*))
                0x0000000008000814                __fini_array_end = .
 *crtbegin.o(.dtors)
 *(EXCLUDE_FILE(*crtend.o) .dtors)
 *(SORT_BY_NAME(.dtors.*))
 *crtend.o(.dtors)
                0x0000000008000814                . = ALIGN (0x4)
                0x0000000008000814                _efixed = .

.vfp11_veneer   0x0000000008000814        0x0
 .vfp11_veneer  0x0000000008000814        0x0 linker stubs

.v4_bx          0x0000000008000814        0x0
 .v4_bx         0x0000000008000814        0x0 linker stubs

.iplt           0x0000000008000814        0x0
 .iplt          0x0000000008000814        0x0 /usr/lib/gcc/arm-none-eabi/7.3.1/thumb/v7e-m/fpv5/hard/crtbegin.o

.eh_frame       0x0000000008000814        0x0
 .eh_frame      0x0000000008000814        0x0 /usr/lib/gcc/arm-none-eabi/7.3.1/thumb/v7e-m/fpv5/hard/crtbegin.o

.rel.dyn        0x0000000008000814        0x0
 .rel.iplt      0x0000000008000814        0x0 /usr/lib/gcc/arm-none-eabi/7.3.1/thumb/v7e-m/fpv5/hard/crtbegin.o

.tm_clone_table
                0x0000000008000814        0x0
 .tm_clone_table
                0x0000000008000814        0x0 /usr/lib/gcc/arm-none-eabi/7.3.1/thumb/v7e-m/fpv5/hard/crtbegin.o
 .tm_clone_table
                0x0000000008000814        0x0 /usr/lib/gcc/arm-none-eabi/7.3.1/thumb/v7e-m/fpv5/hard/crtend.o

.igot.plt       0x0000000008000814        0x0
 .igot.plt      0x0000000008000814        0x0 /usr/lib/gcc/arm-none-eabi/7.3.1/thumb/v7e-m/fpv5/hard/crtbegin.o
                0x0000000008000820                . = ALIGN (0x10)
                0x0000000008000820                _etext = .

.relocate       0x0000000020000000      0x430 load address 0x0000000008000820
                0x0000000020000000                _srelocate = .
 *(.ramfunc .ramfunc.*)
 *(.data .data.*)
 .data          0x0000000020000000      0x430 /usr/lib/gcc/arm-none-eabi/7.3.1/../../../arm-none-eabi/lib/thumb/v7e-m/fpv5/hard/libc.a(lib_a-impure.o)
                0x0000000020000000                _impure_ptr
                0x0000000020000430                . = ALIGN (0x4)
                0x0000000020000430                _erelocate = .

.bss            0x0000000020000430       0x1c load address 0x0000000008000c50
                0x0000000020000430                . = ALIGN (0x4)
                0x0000000020000430                _sbss = .
                0x0000000020000430                _szero = .
                0x0000000020000430                __bss_start__ = .
 *(.bss .bss.*)
 .bss           0x0000000020000430       0x1c /usr/lib/gcc/arm-none-eabi/7.3.1/thumb/v7e-m/fpv5/hard/crtbegin.o
 *(COMMON)
                0x000000002000044c                . = ALIGN (0x4)
                0x000000002000044c                _ebss = .
                0x000000002000044c                _ezero = .
                0x000000002000044c                __bss_end__ = .

.heap           0x000000002000044c     0x2004 load address 0x0000000008000c6c
                0x0000000020000450                . = ALIGN (0x8)
 *fill*         0x000000002000044c        0x4 
                0x0000000020000450                _sheap = .
                0x0000000020002450                . = (. + HEAP_SIZE)
 *fill*         0x0000000020000450     0x2000 
                0x0000000020002450                . = ALIGN (0x8)
                0x0000000020002450                _eheap = .
                0x0000000020002450                __exidx_start = .

.ARM.exidx
 *(.ARM.exidx* .gnu.linkonce.armexidx.*)
                0x0000000020002450                __exidx_end = .

.stack          0x0000000020002450     0x4000 load address 0x0000000008002c70
                0x0000000020002450                . = ALIGN (0x8)
                0x0000000020002450                _sstack = .
                0x0000000020006450                . = (. + STACK_SIZE)
 *fill*         0x0000000020002450     0x4000 
                0x0000000020006450                . = ALIGN (0x8)
                0x0000000020006450                _estack = .
                0x0000000020006450                . = ALIGN (0x4)
                0x0000000020006450                _end = .
                0x0000000020006450                end = _end
                0x000000002001ffff                _ram_end_ = ((ORIGIN (ram) + LENGTH (ram)) - 0x1)
OUTPUT(/home/taste/workspace/adac-hybrid-arm/build/test/adainterop/adainterop.elf elf32-littlearm)

.ARM.attributes
                0x0000000000000000       0x2e
 .ARM.attributes
                0x0000000000000000       0x20 /usr/lib/gcc/arm-none-eabi/7.3.1/thumb/v7e-m/fpv5/hard/crti.o
 .ARM.attributes
                0x0000000000000020       0x32 /usr/lib/gcc/arm-none-eabi/7.3.1/thumb/v7e-m/fpv5/hard/crtbegin.o
 .ARM.attributes
                0x0000000000000052       0x37 /tmp/ccjxY9Nv.o
 .ARM.attributes
                0x0000000000000089       0x30 /home/taste/workspace/adac-hybrid-arm/build/test/adainterop/adamodule.o
 .ARM.attributes
                0x00000000000000b9       0x30 /home/taste/workspace/adac-hybrid-arm/build/test/adainterop/reporting.o
 .ARM.attributes
                0x00000000000000e9       0x37 /home/taste/workspace/adac-hybrid-arm/build/test/adainterop/startup.o
 .ARM.attributes
                0x0000000000000120       0x37 /home/taste/workspace/adac-hybrid-arm/build/test/adainterop/fpu.o
 .ARM.attributes
                0x0000000000000157       0x32 /usr/lib/gcc/arm-none-eabi/7.3.1/../../../arm-none-eabi/lib/thumb/v7e-m/fpv5/hard/libc.a(lib_a-atexit.o)
 .ARM.attributes
                0x0000000000000189       0x32 /usr/lib/gcc/arm-none-eabi/7.3.1/../../../arm-none-eabi/lib/thumb/v7e-m/fpv5/hard/libc.a(lib_a-fini.o)
 .ARM.attributes
                0x00000000000001bb       0x32 /usr/lib/gcc/arm-none-eabi/7.3.1/../../../arm-none-eabi/lib/thumb/v7e-m/fpv5/hard/libc.a(lib_a-impure.o)
 .ARM.attributes
                0x00000000000001ed       0x32 /usr/lib/gcc/arm-none-eabi/7.3.1/../../../arm-none-eabi/lib/thumb/v7e-m/fpv5/hard/libc.a(lib_a-__atexit.o)
 .ARM.attributes
                0x000000000000021f       0x32 /usr/lib/gcc/arm-none-eabi/7.3.1/../../../arm-none-eabi/lib/thumb/v7e-m/fpv5/hard/libc.a(lib_a-__call_atexit.o)
 .ARM.attributes
                0x0000000000000251       0x30 /home/taste/workspace/adac-hybrid-arm/src/gnat-runtime/build/libgnatcm7.a(a-elchha.o)
 .ARM.attributes
                0x0000000000000281       0x30 /home/taste/workspace/adac-hybrid-arm/src/gnat-runtime/build/libgnatcm7.a(g-io.o)
 .ARM.attributes
                0x00000000000002b1       0x30 /home/taste/workspace/adac-hybrid-arm/src/gnat-runtime/build/libgnatcm7.a(s-macres.o)
 .ARM.attributes
                0x00000000000002e1       0x32 /usr/lib/gcc/arm-none-eabi/7.3.1/thumb/v7e-m/fpv5/hard/crtend.o
 .ARM.attributes
                0x0000000000000313       0x20 /usr/lib/gcc/arm-none-eabi/7.3.1/thumb/v7e-m/fpv5/hard/crtn.o

.comment        0x0000000000000000       0xec
 .comment       0x0000000000000000       0x57 /usr/lib/gcc/arm-none-eabi/7.3.1/thumb/v7e-m/fpv5/hard/crtbegin.o
                                         0x58 (size before relaxing)
 .comment       0x0000000000000057       0x58 /tmp/ccjxY9Nv.o
 .comment       0x0000000000000057       0x3e /home/taste/workspace/adac-hybrid-arm/build/test/adainterop/adamodule.o
                                         0x3f (size before relaxing)
 .comment       0x0000000000000095       0x3f /home/taste/workspace/adac-hybrid-arm/build/test/adainterop/reporting.o
 .comment       0x0000000000000095       0x58 /home/taste/workspace/adac-hybrid-arm/build/test/adainterop/startup.o
 .comment       0x0000000000000095       0x58 /home/taste/workspace/adac-hybrid-arm/build/test/adainterop/fpu.o
 .comment       0x0000000000000095       0x57 /usr/lib/gcc/arm-none-eabi/7.3.1/../../../arm-none-eabi/lib/thumb/v7e-m/fpv5/hard/libc.a(lib_a-atexit.o)
                                         0x58 (size before relaxing)
 .comment       0x00000000000000ec       0x58 /usr/lib/gcc/arm-none-eabi/7.3.1/../../../arm-none-eabi/lib/thumb/v7e-m/fpv5/hard/libc.a(lib_a-fini.o)
 .comment       0x00000000000000ec       0x58 /usr/lib/gcc/arm-none-eabi/7.3.1/../../../arm-none-eabi/lib/thumb/v7e-m/fpv5/hard/libc.a(lib_a-impure.o)
 .comment       0x00000000000000ec       0x58 /usr/lib/gcc/arm-none-eabi/7.3.1/../../../arm-none-eabi/lib/thumb/v7e-m/fpv5/hard/libc.a(lib_a-__atexit.o)
 .comment       0x00000000000000ec       0x58 /usr/lib/gcc/arm-none-eabi/7.3.1/../../../arm-none-eabi/lib/thumb/v7e-m/fpv5/hard/libc.a(lib_a-__call_atexit.o)
 .comment       0x00000000000000ec       0x3f /home/taste/workspace/adac-hybrid-arm/src/gnat-runtime/build/libgnatcm7.a(a-elchha.o)
 .comment       0x00000000000000ec       0x3f /home/taste/workspace/adac-hybrid-arm/src/gnat-runtime/build/libgnatcm7.a(g-io.o)
 .comment       0x00000000000000ec       0x3f /home/taste/workspace/adac-hybrid-arm/src/gnat-runtime/build/libgnatcm7.a(s-macres.o)
 .comment       0x00000000000000ec       0x58 /usr/lib/gcc/arm-none-eabi/7.3.1/thumb/v7e-m/fpv5/hard/crtend.o

.debug_info     0x0000000000000000     0x3c2b
 .debug_info    0x0000000000000000      0x31c /tmp/ccjxY9Nv.o
 .debug_info    0x000000000000031c       0x22 /home/taste/workspace/adac-hybrid-arm/build/test/adainterop/adamodule.o
 .debug_info    0x000000000000033e       0x22 /home/taste/workspace/adac-hybrid-arm/build/test/adainterop/reporting.o
 .debug_info    0x0000000000000360      0x2d8 /home/taste/workspace/adac-hybrid-arm/build/test/adainterop/startup.o
 .debug_info    0x0000000000000638     0x1081 /home/taste/workspace/adac-hybrid-arm/build/test/adainterop/fpu.o
 .debug_info    0x00000000000016b9      0x90c /usr/lib/gcc/arm-none-eabi/7.3.1/../../../arm-none-eabi/lib/thumb/v7e-m/fpv5/hard/libc.a(lib_a-atexit.o)
 .debug_info    0x0000000000001fc5       0xf3 /usr/lib/gcc/arm-none-eabi/7.3.1/../../../arm-none-eabi/lib/thumb/v7e-m/fpv5/hard/libc.a(lib_a-fini.o)
 .debug_info    0x00000000000020b8      0x8a9 /usr/lib/gcc/arm-none-eabi/7.3.1/../../../arm-none-eabi/lib/thumb/v7e-m/fpv5/hard/libc.a(lib_a-impure.o)
 .debug_info    0x0000000000002961      0x937 /usr/lib/gcc/arm-none-eabi/7.3.1/../../../arm-none-eabi/lib/thumb/v7e-m/fpv5/hard/libc.a(lib_a-__atexit.o)
 .debug_info    0x0000000000003298      0x993 /usr/lib/gcc/arm-none-eabi/7.3.1/../../../arm-none-eabi/lib/thumb/v7e-m/fpv5/hard/libc.a(lib_a-__call_atexit.o)

.debug_abbrev   0x0000000000000000      0xdba
 .debug_abbrev  0x0000000000000000       0xf7 /tmp/ccjxY9Nv.o
 .debug_abbrev  0x00000000000000f7       0x12 /home/taste/workspace/adac-hybrid-arm/build/test/adainterop/adamodule.o
 .debug_abbrev  0x0000000000000109       0x12 /home/taste/workspace/adac-hybrid-arm/build/test/adainterop/reporting.o
 .debug_abbrev  0x000000000000011b      0x11b /home/taste/workspace/adac-hybrid-arm/build/test/adainterop/startup.o
 .debug_abbrev  0x0000000000000236      0x29c /home/taste/workspace/adac-hybrid-arm/build/test/adainterop/fpu.o
 .debug_abbrev  0x00000000000004d2      0x201 /usr/lib/gcc/arm-none-eabi/7.3.1/../../../arm-none-eabi/lib/thumb/v7e-m/fpv5/hard/libc.a(lib_a-atexit.o)
 .debug_abbrev  0x00000000000006d3       0xbd /usr/lib/gcc/arm-none-eabi/7.3.1/../../../arm-none-eabi/lib/thumb/v7e-m/fpv5/hard/libc.a(lib_a-fini.o)
 .debug_abbrev  0x0000000000000790      0x192 /usr/lib/gcc/arm-none-eabi/7.3.1/../../../arm-none-eabi/lib/thumb/v7e-m/fpv5/hard/libc.a(lib_a-impure.o)
 .debug_abbrev  0x0000000000000922      0x212 /usr/lib/gcc/arm-none-eabi/7.3.1/../../../arm-none-eabi/lib/thumb/v7e-m/fpv5/hard/libc.a(lib_a-__atexit.o)
 .debug_abbrev  0x0000000000000b34      0x286 /usr/lib/gcc/arm-none-eabi/7.3.1/../../../arm-none-eabi/lib/thumb/v7e-m/fpv5/hard/libc.a(lib_a-__call_atexit.o)

.debug_aranges  0x0000000000000000      0x228
 .debug_aranges
                0x0000000000000000       0x50 /tmp/ccjxY9Nv.o
 .debug_aranges
                0x0000000000000050       0x40 /home/taste/workspace/adac-hybrid-arm/build/test/adainterop/adamodule.o
 .debug_aranges
                0x0000000000000090       0x40 /home/taste/workspace/adac-hybrid-arm/build/test/adainterop/reporting.o
 .debug_aranges
                0x00000000000000d0       0x30 /home/taste/workspace/adac-hybrid-arm/build/test/adainterop/startup.o
 .debug_aranges
                0x0000000000000100       0x88 /home/taste/workspace/adac-hybrid-arm/build/test/adainterop/fpu.o
 .debug_aranges
                0x0000000000000188       0x20 /usr/lib/gcc/arm-none-eabi/7.3.1/../../../arm-none-eabi/lib/thumb/v7e-m/fpv5/hard/libc.a(lib_a-atexit.o)
 .debug_aranges
                0x00000000000001a8       0x20 /usr/lib/gcc/arm-none-eabi/7.3.1/../../../arm-none-eabi/lib/thumb/v7e-m/fpv5/hard/libc.a(lib_a-fini.o)
 .debug_aranges
                0x00000000000001c8       0x18 /usr/lib/gcc/arm-none-eabi/7.3.1/../../../arm-none-eabi/lib/thumb/v7e-m/fpv5/hard/libc.a(lib_a-impure.o)
 .debug_aranges
                0x00000000000001e0       0x20 /usr/lib/gcc/arm-none-eabi/7.3.1/../../../arm-none-eabi/lib/thumb/v7e-m/fpv5/hard/libc.a(lib_a-__atexit.o)
 .debug_aranges
                0x0000000000000200       0x28 /usr/lib/gcc/arm-none-eabi/7.3.1/../../../arm-none-eabi/lib/thumb/v7e-m/fpv5/hard/libc.a(lib_a-__call_atexit.o)

.debug_ranges   0x0000000000000000      0x188
 .debug_ranges  0x0000000000000000       0x40 /tmp/ccjxY9Nv.o
 .debug_ranges  0x0000000000000040       0x38 /home/taste/workspace/adac-hybrid-arm/build/test/adainterop/adamodule.o
 .debug_ranges  0x0000000000000078       0x38 /home/taste/workspace/adac-hybrid-arm/build/test/adainterop/reporting.o
 .debug_ranges  0x00000000000000b0       0x20 /home/taste/workspace/adac-hybrid-arm/build/test/adainterop/startup.o
 .debug_ranges  0x00000000000000d0       0x78 /home/taste/workspace/adac-hybrid-arm/build/test/adainterop/fpu.o
 .debug_ranges  0x0000000000000148       0x40 /usr/lib/gcc/arm-none-eabi/7.3.1/../../../arm-none-eabi/lib/thumb/v7e-m/fpv5/hard/libc.a(lib_a-__call_atexit.o)

.debug_line     0x0000000000000000      0xca1
 .debug_line    0x0000000000000000      0x17a /tmp/ccjxY9Nv.o
 .debug_line    0x000000000000017a       0xfb /home/taste/workspace/adac-hybrid-arm/build/test/adainterop/adamodule.o
 .debug_line    0x0000000000000275       0x9c /home/taste/workspace/adac-hybrid-arm/build/test/adainterop/reporting.o
 .debug_line    0x0000000000000311      0x148 /home/taste/workspace/adac-hybrid-arm/build/test/adainterop/startup.o
 .debug_line    0x0000000000000459      0x2d8 /home/taste/workspace/adac-hybrid-arm/build/test/adainterop/fpu.o
 .debug_line    0x0000000000000731      0x12d /usr/lib/gcc/arm-none-eabi/7.3.1/../../../arm-none-eabi/lib/thumb/v7e-m/fpv5/hard/libc.a(lib_a-atexit.o)
 .debug_line    0x000000000000085e       0xa5 /usr/lib/gcc/arm-none-eabi/7.3.1/../../../arm-none-eabi/lib/thumb/v7e-m/fpv5/hard/libc.a(lib_a-fini.o)
 .debug_line    0x0000000000000903       0xda /usr/lib/gcc/arm-none-eabi/7.3.1/../../../arm-none-eabi/lib/thumb/v7e-m/fpv5/hard/libc.a(lib_a-impure.o)
 .debug_line    0x00000000000009dd      0x14d /usr/lib/gcc/arm-none-eabi/7.3.1/../../../arm-none-eabi/lib/thumb/v7e-m/fpv5/hard/libc.a(lib_a-__atexit.o)
 .debug_line    0x0000000000000b2a      0x177 /usr/lib/gcc/arm-none-eabi/7.3.1/../../../arm-none-eabi/lib/thumb/v7e-m/fpv5/hard/libc.a(lib_a-__call_atexit.o)

.debug_str      0x0000000000000000     0x1566
 .debug_str     0x0000000000000000      0x258 /tmp/ccjxY9Nv.o
                                        0x2ac (size before relaxing)
 .debug_str     0x0000000000000258       0x1a /home/taste/workspace/adac-hybrid-arm/build/test/adainterop/adamodule.o
                                         0x50 (size before relaxing)
 .debug_str     0x0000000000000272        0xc /home/taste/workspace/adac-hybrid-arm/build/test/adainterop/reporting.o
                                         0x50 (size before relaxing)
 .debug_str     0x000000000000027e      0x250 /home/taste/workspace/adac-hybrid-arm/build/test/adainterop/startup.o
                                        0x40b (size before relaxing)
 .debug_str     0x00000000000004ce      0xccb /home/taste/workspace/adac-hybrid-arm/build/test/adainterop/fpu.o
                                        0xf25 (size before relaxing)
 .debug_str     0x0000000000001199      0x1a5 /usr/lib/gcc/arm-none-eabi/7.3.1/../../../arm-none-eabi/lib/thumb/v7e-m/fpv5/hard/libc.a(lib_a-atexit.o)
                                        0x620 (size before relaxing)
 .debug_str     0x000000000000133e       0xc1 /usr/lib/gcc/arm-none-eabi/7.3.1/../../../arm-none-eabi/lib/thumb/v7e-m/fpv5/hard/libc.a(lib_a-fini.o)
                                        0x22f (size before relaxing)
 .debug_str     0x00000000000013ff       0x94 /usr/lib/gcc/arm-none-eabi/7.3.1/../../../arm-none-eabi/lib/thumb/v7e-m/fpv5/hard/libc.a(lib_a-impure.o)
                                        0x5d5 (size before relaxing)
 .debug_str     0x0000000000001493       0x57 /usr/lib/gcc/arm-none-eabi/7.3.1/../../../arm-none-eabi/lib/thumb/v7e-m/fpv5/hard/libc.a(lib_a-__atexit.o)
                                        0x63e (size before relaxing)
 .debug_str     0x00000000000014ea       0x7c /usr/lib/gcc/arm-none-eabi/7.3.1/../../../arm-none-eabi/lib/thumb/v7e-m/fpv5/hard/libc.a(lib_a-__call_atexit.o)
                                        0x651 (size before relaxing)

.debug_frame    0x0000000000000000      0x478
 .debug_frame   0x0000000000000000      0x104 /tmp/ccjxY9Nv.o
 .debug_frame   0x0000000000000104       0x6c /home/taste/workspace/adac-hybrid-arm/build/test/adainterop/startup.o
 .debug_frame   0x0000000000000170      0x22c /home/taste/workspace/adac-hybrid-arm/build/test/adainterop/fpu.o
 .debug_frame   0x000000000000039c       0x20 /usr/lib/gcc/arm-none-eabi/7.3.1/../../../arm-none-eabi/lib/thumb/v7e-m/fpv5/hard/libc.a(lib_a-atexit.o)
 .debug_frame   0x00000000000003bc       0x34 /usr/lib/gcc/arm-none-eabi/7.3.1/../../../arm-none-eabi/lib/thumb/v7e-m/fpv5/hard/libc.a(lib_a-fini.o)
 .debug_frame   0x00000000000003f0       0x38 /usr/lib/gcc/arm-none-eabi/7.3.1/../../../arm-none-eabi/lib/thumb/v7e-m/fpv5/hard/libc.a(lib_a-__atexit.o)
 .debug_frame   0x0000000000000428       0x50 /usr/lib/gcc/arm-none-eabi/7.3.1/../../../arm-none-eabi/lib/thumb/v7e-m/fpv5/hard/libc.a(lib_a-__call_atexit.o)

.debug_loc      0x0000000000000000      0x260
 .debug_loc     0x0000000000000000       0x2c /usr/lib/gcc/arm-none-eabi/7.3.1/../../../arm-none-eabi/lib/thumb/v7e-m/fpv5/hard/libc.a(lib_a-atexit.o)
 .debug_loc     0x000000000000002c       0x5c /usr/lib/gcc/arm-none-eabi/7.3.1/../../../arm-none-eabi/lib/thumb/v7e-m/fpv5/hard/libc.a(lib_a-fini.o)
 .debug_loc     0x0000000000000088      0x112 /usr/lib/gcc/arm-none-eabi/7.3.1/../../../arm-none-eabi/lib/thumb/v7e-m/fpv5/hard/libc.a(lib_a-__atexit.o)
 .debug_loc     0x000000000000019a       0xc6 /usr/lib/gcc/arm-none-eabi/7.3.1/../../../arm-none-eabi/lib/thumb/v7e-m/fpv5/hard/libc.a(lib_a-__call_atexit.o)

.stabstr        0x0000000000000000      0x1b9
 .stabstr       0x0000000000000000      0x1b9 /usr/lib/gcc/arm-none-eabi/7.3.1/../../../arm-none-eabi/lib/thumb/v7e-m/fpv5/hard/libnosys.a(close.o)
